#! /nix/store/jl83f5jj70r0bxf02ja2ls3f4arxn12g-iverilog-12.0/bin/vvp
:ivl_version "12.0 (stable)";
:ivl_delay_selection "TYPICAL";
:vpi_time_precision + 0;
:vpi_module "/nix/store/jl83f5jj70r0bxf02ja2ls3f4arxn12g-iverilog-12.0/lib/ivl/system.vpi";
:vpi_module "/nix/store/jl83f5jj70r0bxf02ja2ls3f4arxn12g-iverilog-12.0/lib/ivl/vhdl_sys.vpi";
:vpi_module "/nix/store/jl83f5jj70r0bxf02ja2ls3f4arxn12g-iverilog-12.0/lib/ivl/vhdl_textio.vpi";
:vpi_module "/nix/store/jl83f5jj70r0bxf02ja2ls3f4arxn12g-iverilog-12.0/lib/ivl/v2005_math.vpi";
:vpi_module "/nix/store/jl83f5jj70r0bxf02ja2ls3f4arxn12g-iverilog-12.0/lib/ivl/va_math.vpi";
S_0x708e80 .scope module, "memory_tb" "memory_tb" 2 1;
 .timescale 0 0;
v0x7435e0_0 .var "addr", 31 0;
v0x7436c0_0 .var "clk", 0 0;
v0x743790_0 .net "r_data", 31 0, v0x743270_0;  1 drivers
v0x743890_0 .var "w_data", 31 0;
v0x743960_0 .var "we", 0 0;
S_0x709010 .scope module, "data_mem" "memory" 2 17, 3 1 0, S_0x708e80;
 .timescale 0 0;
    .port_info 0 /INPUT 1 "clk";
    .port_info 1 /INPUT 32 "addr";
    .port_info 2 /INPUT 1 "we";
    .port_info 3 /INPUT 32 "w_data";
    .port_info 4 /OUTPUT 32 "r_data";
v0x730100_0 .net "addr", 31 0, v0x7435e0_0;  1 drivers
v0x743110_0 .net "clk", 0 0, v0x7436c0_0;  1 drivers
v0x7431d0 .array "mem", 0 255, 31 0;
v0x743270_0 .var "r_data", 31 0;
v0x743350_0 .net "w_data", 31 0, v0x743890_0;  1 drivers
v0x743480_0 .net "we", 0 0, v0x743960_0;  1 drivers
E_0x731650 .event posedge, v0x743110_0;
    .scope S_0x709010;
T_0 ;
    %wait E_0x731650;
    %load/vec4 v0x743480_0;
    %flag_set/vec4 8;
    %jmp/0xz  T_0.0, 8;
    %load/vec4 v0x743350_0;
    %load/vec4 v0x730100_0;
    %parti/s 8, 0, 2;
    %pad/u 10;
    %ix/vec4 3;
    %ix/load 4, 0, 0; Constant delay
    %assign/vec4/a/d v0x7431d0, 0, 4;
T_0.0 ;
    %load/vec4 v0x730100_0;
    %parti/s 8, 0, 2;
    %pad/u 10;
    %ix/vec4 4;
    %load/vec4a v0x7431d0, 4;
    %assign/vec4 v0x743270_0, 0;
    %jmp T_0;
    .thread T_0;
    .scope S_0x708e80;
T_1 ;
    %pushi/vec4 0, 0, 1;
    %store/vec4 v0x7436c0_0, 0, 1;
    %end;
    .thread T_1;
    .scope S_0x708e80;
T_2 ;
    %delay 1, 0;
    %load/vec4 v0x7436c0_0;
    %inv;
    %store/vec4 v0x7436c0_0, 0, 1;
    %jmp T_2;
    .thread T_2;
    .scope S_0x708e80;
T_3 ;
    %vpi_call 2 13 "$dumpfile", "wave.vcd" {0 0 0};
    %vpi_call 2 14 "$dumpvars", 32'sb00000000000000000000000000000000, S_0x708e80 {0 0 0};
    %end;
    .thread T_3;
    .scope S_0x708e80;
T_4 ;
    %pushi/vec4 0, 0, 1;
    %store/vec4 v0x743960_0, 0, 1;
    %delay 2, 0;
    %pushi/vec4 1, 0, 1;
    %store/vec4 v0x743960_0, 0, 1;
    %pushi/vec4 74565, 0, 32;
    %store/vec4 v0x7435e0_0, 0, 32;
    %pushi/vec4 344865, 0, 32;
    %store/vec4 v0x743890_0, 0, 32;
    %delay 2, 0;
    %pushi/vec4 0, 0, 1;
    %store/vec4 v0x743960_0, 0, 1;
    %pushi/vec4 70469, 0, 32;
    %store/vec4 v0x7435e0_0, 0, 32;
    %delay 2, 0;
    %pushi/vec4 74565, 0, 32;
    %store/vec4 v0x7435e0_0, 0, 32;
    %delay 2, 0;
    %vpi_call 2 46 "$display", "Read data from %h: %h", v0x7435e0_0, v0x743790_0 {0 0 0};
    %vpi_call 2 49 "$finish" {0 0 0};
    %end;
    .thread T_4;
# The file index is used to find the file name in the following table.
:file_names 4;
    "N/A";
    "<interactive>";
    "test_rv32i_memory_tb.v";
    "test_rv32i_memory.v";
